<?xml version="1.0" encoding="UTF-8" ?>

<dataset>
    <metadata>
        <column name="expr$0" type="float"/>
    </metadata>

    <row>[["0"]]</row>
    <row>[["10000.1234567"]]</row>
    <row>[["-10000.1234567"]]</row>
    <row>[["12345"]]</row>
    <row>[["-12345"]]</row>
    <row>[["10000.1234567"]]</row>
    <row>[["-10000.1234567"]]</row>
    <row>[["null"]]</row>
</dataset>


