<?xml version="1.0" encoding="UTF-8" ?>

<dataset>
    <metadata>
        <column name="expr$0" type="int"/>
    </metadata>

    <row>[["0"]]</row>
    <row>[["1"]]</row>
    <row>[["-1"]]</row>
    <row>[["12"]]</row>
    <row>[["-12"]]</row>
    <row>[["2147483647"]]</row>
    <row>[["-2147483648"]]</row>
    <row>[["null"]]</row>
</dataset>


