<?xml version="1.0" encoding="UTF-8" ?>

<dataset>
    <metadata>
        <column name="expr$0" type="long"/>
    </metadata>

    <row>[["0"]]</row>
    <row>[["1"]]</row>
    <row>[["-1"]]</row>
    <row>[["12"]]</row>
    <row>[["-12"]]</row>
    <row>[["9223372036854775807"]]</row>
    <row>[["-9223372036854775808"]]</row>
    <row>[["null"]]</row>
</dataset>


